// Jest Snapshot v1, https://goo.gl/fbAQLP

exports[`should render Tasks properly 1`] = `
<ForwardRef(Card)
  sx={
    Object {
      "background": "var(--color-tertiary-light)",
      "color": "#fff",
      "cursor": "pointer",
      "minWidth": Object {
        "sm": 450,
        "xs": "100%",
      },
      "overflow": "auto",
      "padding": Object {
        "md": "2rem 1rem",
        "xs": "2rem .5rem",
      },
      "textAlign": "center",
    }
  }
>
  <ForwardRef(CardContent)
    sx={
      Object {
        "padding": 0,
      }
    }
  >
    <ForwardRef(Typography)
      sx={
        Object {
          "fontSize": 22,
          "fontWeight": "bold",
        }
      }
      variant="h6"
    >
      TASKS
    </ForwardRef(Typography)>
    <ForwardRef(Box)
      sx={
        Object {
          "marginTop": 4,
        }
      }
    >
      <Task
        date="Due Today, 2:00 PM"
        title="Meet up with a client"
      />
      <Task
        date="Due Today, 9:00 AM"
        title="Write an application"
      />
      <Task
        date="Due Tomorrow, 10:00 AM"
        title="Conquer the world"
      />
      <Task
        date="Due July, 11"
        title="Build an app"
      />
      <Task
        date="Due October, 21"
        title="Eat icecream"
      />
      <Task
        date="Due December, 24"
        title="Go to the gym"
      />
    </ForwardRef(Box)>
  </ForwardRef(CardContent)>
</ForwardRef(Card)>
`;
