// Jest Snapshot v1, https://goo.gl/fbAQLP

exports[`ContentPoint component expect to render ContentPoint component 1`] = `
<styled.div>
  <ForwardRef(Typography)
    id="heading"
    sx={
      Object {
        "borderTop": "5px solid var(--color-secondary-dark)",
        "color": "var(--color-secondary)",
        "display": "flex",
        "justifyContent": "flex-end",
        "padding": Object {
          "md": "1rem 0 0 0",
          "xs": "1rem .5rem 0 0",
        },
        "width": "300px",
      }
    }
    variant="h6"
  >
    <span
      style={
        Object {
          "color": "var(--color-secondary-dark)",
          "paddingRight": 3,
        }
      }
    >
      01
    </span>
    / 
    Example heading
  </ForwardRef(Typography)>
</styled.div>
`;
