// Jest Snapshot v1, https://goo.gl/fbAQLP

exports[`should render Tasks properly 1`] = `
<ForwardRef(Card)
  component={
    Object {
      "$$typeof": Symbol(react.forward_ref),
      "render": [Function],
    }
  }
  drag={true}
  dragConstraints={
    Object {
      "bottom": 0,
      "left": 0,
      "right": 0,
      "top": 0,
    }
  }
  sx={
    Object {
      "background": "var(--color-tertiary-light)",
      "color": "#fff",
      "cursor": "pointer",
      "margin": Object {
        "md": "0 auto",
        "xs": "2rem auto",
      },
      "maxWidth": 550,
      "padding": Object {
        "md": "2rem 1rem",
        "xs": "2rem .5rem",
      },
      "textAlign": "center",
    }
  }
>
  <ForwardRef(CardContent)
    sx={
      Object {
        "padding": 0,
      }
    }
  >
    <ForwardRef(Typography)
      sx={
        Object {
          "fontSize": 30,
          "fontWeight": "bold",
        }
      }
      variant="h6"
    >
      TASKS
    </ForwardRef(Typography)>
    <ForwardRef(Box)
      sx={
        Object {
          "marginTop": 4,
        }
      }
    >
      <Task
        date="Due Today, 2:00 PM"
        title="Meet up with a client"
      />
      <Task
        date="Due Today, 9:00 AM"
        title="Write an application"
      />
      <Task
        date="Due Tomorrow, 10:00 AM"
        title="Conquer the world"
      />
      <Task
        date="Due July, 11"
        title="Build an app"
      />
      <Task
        date="Due October, 21"
        title="Eat icecream"
      />
      <Task
        date="Due December, 24"
        title="Go to the gym"
      />
    </ForwardRef(Box)>
  </ForwardRef(CardContent)>
</ForwardRef(Card)>
`;
