// Jest Snapshot v1, https://goo.gl/fbAQLP

exports[`<Sidebar/> should render Sidebar component 1`] = `
<ForwardRef(Box)
  sx={
    Object {
      "alignItems": "center",
      "background": "var(--color-tertiary)",
      "border": "1px solid var(--color-tertiary-dark)",
      "borderRadius": 2,
      "display": "grid",
      "gridRowGap": 5,
      "gridTemplateRows": "repeat(4,max-content)",
      "height": Object {
        "md": "95vh",
        "xs": "auto",
      },
      "marginBottom": Object {
        "md": 0,
        "xs": 3,
      },
      "marginRight": Object {
        "md": 1,
        "xs": 0,
      },
      "position": "relative",
      "width": Object {
        "md": 300,
        "xs": "100%",
      },
    }
  }
>
  <ForwardRef(Box)
    sx={
      Object {
        "alignItems": "center",
        "background": "var(--color-tertiary)",
        "borderRadius": "8px 8px 0 0 ",
        "display": "flex",
        "p": 1,
      }
    }
  >
    <ForwardRef(Avatar)
      alt="Test User"
      sx={
        Object {
          "background": "var(--color-tertiary-light)",
          "border": "1px solid #fff",
        }
      }
    >
      T
    </ForwardRef(Avatar)>
    <ForwardRef(Typography)
      sx={
        Object {
          "flex": 1,
          "marginLeft": 1,
        }
      }
      variant="body1"
    >
      Test User
    </ForwardRef(Typography)>
    <Memo(ForwardRef(SettingsOutlinedIcon))
      sx={
        Object {
          "&:hover": Object {
            "color": "#ccc",
            "cursor": "pointer",
          },
        }
      }
    />
  </ForwardRef(Box)>
  <ForwardRef(Button)
    color="secondary"
    disableElevation={true}
    id="signOutButton"
    size="large"
    startIcon={<Memo />}
    sx={
      Object {
        "&:hover": Object {
          "background": "var(--color-tertiary-dark)",
        },
        "background": "var(--color-tertiary-light)",
      }
    }
    variant="contained"
  >
    Create
  </ForwardRef(Button)>
  <ForwardRef(Button)
    color="inherit"
    onClick={[Function]}
    sx={
      Object {
        "display": Object {
          "md": "none",
          "xs": "block",
        },
      }
    }
  >
    <Memo(ForwardRef(ExpandMoreIcon))
      style={
        Object {
          "fontSize": 30,
          "margin": "0 auto",
        }
      }
    />
  </ForwardRef(Button)>
  <AnimatePresence />
  <ForwardRef(Button)
    color="secondary"
    onClick={[Function]}
    size="large"
    sx={
      Object {
        "&:hover": Object {
          "background": "var(--color-tertiary-dark)",
        },
        "background": "var(--color-tertiary-light)",
        "bottom": 20,
        "display": Object {
          "md": "block",
          "xs": "none",
        },
        "justifySelf": "center",
        "position": "absolute",
      }
    }
    variant="contained"
  >
    Sign Out
  </ForwardRef(Button)>
</ForwardRef(Box)>
`;
