// Jest Snapshot v1, https://goo.gl/fbAQLP

exports[`<Sidebar/> should render Sidebar component 1`] = `
<ContextProvider
  value={
    Object {
      "basename": "/",
      "navigator": Object {
        "action": "POP",
        "back": [Function],
        "block": [Function],
        "createHref": [Function],
        "forward": [Function],
        "go": [Function],
        "index": 0,
        "listen": [Function],
        "location": Object {
          "hash": "",
          "key": "6w4hnj5l",
          "pathname": "/",
          "search": "",
          "state": null,
        },
        "push": [Function],
        "replace": [Function],
      },
      "static": false,
    }
  }
>
  <ContextProvider
    value={
      Object {
        "location": Object {
          "hash": "",
          "key": "6w4hnj5l",
          "pathname": "/",
          "search": "",
          "state": null,
        },
        "navigationType": "POP",
      }
    }
  >
    <Sidebar
      onSignOut={[Function]}
      user={
        Object {
          "displayName": "Test User",
          "email": "test@gmail.com",
          "isLoggedIn": true,
        }
      }
    />
  </ContextProvider>
</ContextProvider>
`;
